[www.google.com/index.html]
[backblue.gif]
[fade.gif]
[index.html]
[ssl.gstatic.com/gb/images/b_8d5afc09.png]
[www.google.com/preferences7d7c.html]
[www.google.com/images/branding/googlelogo/1x/googlelogo_white_background_color_272x92dp.png]
[www.google.com/advanced_search9d05.html]
[www.google.com/index.html]
[www.google.com/intl/fr/policies/privacy/index.html]
[www.google.com/intl/fr/policies/terms/index.html]
[www.google.com/webhp.html]
[www.google.com/webhp3d1f.html]
[www.google.com/safesearch6835.html]
[www.google.com/history/optout5aaf.html]
[www.google.com/preferences7d7c.html]
[ssl.gstatic.com/ui/v1/colorpicker/checkmark.png]
[www.google.com/preferences5aaf.html]
[www.google.com/advanced_search9d05.html]
[www.google.com/intl/fr/ads/index.html]
[www.google.com/intl/fr/about/index.html]
[www.google.com/intl/fr/policies/privacy/index.html]
[www.google.com/intl/fr/policies/terms/index.html]
[www.google.com/preferences562e.html]
[www.google.com/advanced_searche586.html]
[www.google.com/webhp.html]
[www.google.com/intl/ar/policies/privacy/index.html]
[www.google.com/intl/ar/policies/terms/index.html]
[www.google.com/gci_91f30755d6a6b787dcc2a4062e6e9824.html]
[www.google.com/Edg/index.html]
[www.google.com/+/index.html]
[www.google.com/webhp3d1f.html]
[www.google.com/xjs/_/js/k=xjs.s.fr.QdFA3obNRwc.O/am=AAAAAAAAAAIAwAwAAAAAAAAoCAgAAAAAAAgANIIABgAA/d=1/ed=1/dg=2/rs=ACT90oEx9WBGvc3zjTgAlUX2puiD1jMCSA/m=d]
[www.google.com/safesearch6835.html]
[www.google.com/preferences3cea.html]
[www.google.com/favicon.ico]
[www.google.com/history/optout.html]
[myactivity.google.com/history/gci_91f30755d6a6b787dcc2a4062e6e9824.22.delayed]
[www.google.com/history/optout5aaf.html]
[www.google.com/safesearch4cc8.html]
[www.google.com/preferences5aaf.html]
[www.google.com/about/index.html]
[www.google.com/intl/fr/policies/privacy/curl.html]
[www.google.com/intl/fr/policies/terms/curl.html]
[www.google.com/safesearch8cb8.html]
[www.google.com/history/optout261e.html]
[www.google.com/preferences562e.html]
[www.google.com/preferences261e.html]
[www.google.com/advanced_searche586.html]
[www.google.com/intl/ar/ads/index.html]
[www.google.com/intl/ar/services/index.html]
[www.google.com/intl/ar/about/index.html]
[www.google.com/intl/ar/policies/privacy/index.html]
[www.google.com/intl/ar/policies/terms/index.html]
[www.google.com/safesearch507d.html]
[www.google.com/preferences3cea.html]
[www.google.com/history/optout.html]
[myactivity.google.com/history/gci_91f30755d6a6b787dcc2a4062e6e9824.html]
[www.google.com/history/Edg/index.html]
[www.google.com/history/+/index.html]
[www.google.com/safesearch4cc8.html]
[www.google.com/preferences5915.html]
[www.google.com/xjs/_/js/k=xjs.s.ar.gVdMPBnUdh8.O/am=AAAAAAAAAAIAwAwAAAAAAAAoCAgAAAEAAAgANIIABgAA/d=1/ed=1/dg=2/rs=ACT90oH-pse19t8Vmfxj5SrUHmCeqFoTRg/m=d]
[www.google.com/safesearch8cb8.html]
[www.google.com/history/optout261e.html]
[www.google.com/preferences994e.html]
[www.google.com/safesearcha5dd.html]
[www.google.com/preferences261e.html]
[www.google.com/intl/ar/policies/privacy/curl.html]
[www.google.com/intl/ar/policies/terms/curl.html]
[www.google.com/safesearch507d.html]
[www.google.com/safesearchd5ba.html]
[www.google.com/preferences5915.html]
[www.google.com/safesearchd866.html]
[www.google.com/preferences994e.html]
[www.google.com/safesearcha5dd.html]
[www.google.com/safesearchd5ba.html]
[www.google.com/safesearchd866.html]
[www.google.com/preferences9c63.html]
[www.google.com/safesearch24b7.html]
[www.google.com/preferences9c63.html]
[www.google.com/safesearch24b7.html]
